// Jest Snapshot v1, https://goo.gl/fbAQLP

exports[`BrandTitle component should be render correctly 1`] = `
<p>
  netflixroulette
</p>
`;
