// Jest Snapshot v1, https://goo.gl/fbAQLP

exports[`Search component should be render correctly 1`] = `
<div
  className="content__loader"
/>
`;
