// Jest Snapshot v1, https://goo.gl/fbAQLP

exports[`FindMovieText should be render correctly 1`] = `
<p
  className="find-movie-text"
>
  FIND YOUR MOVIE
</p>
`;
