// Jest Snapshot v1, https://goo.gl/fbAQLP

exports[`AppContainer component should be render correctly 1`] = `
<Fragment>
  <_default />
  <ConnectFunction />
  <_default />
</Fragment>
`;
